// Jest Snapshot v1, https://goo.gl/fbAQLP

exports[`Verification Validates correct token 1`] = `
Object {
  "policyDocument": Object {
    "Statement": Array [
      Object {
        "Action": "execute-api:Invoke",
        "Effect": "Allow",
        "Resource": "arn:/123/123",
      },
    ],
    "Version": "2012-10-17",
  },
  "principalId": "sealink:56558",
}
`;
